
> dinder@1.0.0 check
> node --test 'scripts/**/*.test.mjs'

✔ TMDB genre names map onto the chip vocabulary, at most four, unknown names dropped (1.189125ms)
✔ the trailer is the official YouTube one, else any YouTube trailer, else none (0.1495ms)
✔ a film detail becomes the shared Movie shape, absent facts omitted (0.227875ms)
✔ a series detail becomes a Movie of mediaType tv with its seasons and episode length (0.068958ms)
✔ a title with no poster, no date or no chip genre is dropped with its reason (0.06675ms)
✔ an overview is one line, cut at 300 characters on a word (0.135167ms)
✔ a record is unsafe unless its poster is https on image.tmdb.org, its ids and trailer are well-formed (0.351375ms)
✔ the emitted corpus is JSON, one Movie per line, and reads straight back (0.106458ms)
✔ extracts doc paths from comments, resolving and dangling alike (1.28725ms)
✔ path-like strings that are not documentation references are ignored (0.067916ms)
✔ only comment text is scanned, never code (0.090375ms)
✔ a dangling citation in a source tree is reported, a resolving one is not (1.590125ms)
✔ markdown links resolve from the citing file, backticked cites from the repo root (0.339042ms)
✔ a dangling markdown link or cite is reported, a resolving one is not (0.900666ms)
✔ no comment in backend, frontend or shared sources cites a missing repository path (17.932667ms)
✔ no committed Markdown file links or cites a missing repository path (14.013042ms)
✔ rollout state is explicit, defaults to bootstrap, and rejects anything else (1.376791ms)
✔ purge sends exactly the route-html tag body (0.081542ms)
✔ purge validation fails closed on transport, status, JSON, and success errors (0.861917ms)
✔ post-purge lifecycle requires MISS, same-POP HITs, and increasing Age (0.218333ms)
✔ document headers separate direct-origin from proxied expectations (0.144083ms)
✔ fingerprinted assets keep the immutable policy and never carry the HTML tag (0.069625ms)
✔ non-HTML requests must stay out of the public document cache (0.08175ms)
✔ the sampled path is per-commit and the sampled asset is deterministic (0.243625ms)
✔ core checks always report and production verification waits for all of them (1.937625ms)
✔ shingles: distinct n-word windows, punctuation and case ignored (1.192208ms)
✔ a step lifted from a source is caught as both a shingle and a verbatim run (0.601584ms)
✔ an independently written Recipe over the same facts passes clean (0.149083ms)
✔ reproducing one source’s quantity set is caught even with original wording (0.249417ms)
✔ too few shared ingredients is convergence, not reproduction (0.187416ms)
✔ an observation stating no number drops out instead of clearing the source (0.232416ms)
✔ the join follows the record’s name into "original" when the authored name drifts (0.186166ms)
✔ a decoy carrying a record name cannot clear the source it collides with (0.185208ms)
✔ a record name is claimed on a word boundary, not as a substring (0.078208ms)
✔ a record whose observations lost their source tags is flagged, not passed (0.822458ms)
✔ names too far off the record are flagged uncheckable, never passed in silence (0.362416ms)
✔ sourceQuantitySets reads the reading stage’s own source tags (0.050875ms)
✔ the author is handed the Fact Record and nothing else — no source text (0.550666ms)
✔ a flagged Recipe is rewritten and re-checked, never returned with a warning (0.308084ms)
✔ a Recipe that keeps overlapping is dropped, not shipped (0.285708ms)
✔ the placeId is frozen from the Fact Record’s slug, not the authored title (0.100166ms)
✔ the stock kitchen idioms are pre-banned in the author prompt (0.058333ms)
✔ the Fact Record commits alongside its Recipe, and the captures commit nowhere (0.759208ms)
✔ the chip vocabularies are read from shared/types/cook.ts, not copied (0.724375ms)
✔ the AU lint reads usToAuTerms.ts, including its unquoted keys (0.052334ms)
✔ a clean Recipe passes the structural layer (3.959166ms)
✔ a failure names the field and the value, not just "invalid" (0.746292ms)
✔ Spoonacular wire fields are rejected by name (1.061583ms)
✔ a source credit is refused as a credit, not as a stray field (0.684375ms)
✔ the placeId must be the directory it lives in (0.578875ms)
✔ servings, name, ingredients and steps are mandatory (0.50775ms)
✔ the diet ladder belongs to the store, not to the gate (1.384833ms)
✔ a listed Staple need not be named in a step (0.657875ms)
✔ a name another Recipe already holds is a duplicate (0.55225ms)
✔ every ingredient has to turn up in a step (0.592708ms)
✔ a US ingredient term is caught and the AU word is named (0.605208ms)
✔ a US term in a step is caught too (0.59025ms)
✔ a plural or hyphenated US term is the same US term (0.967042ms)
✔ a US term inside a longer word is not a US term (0.629125ms)
✔ a 4:3 image on the corpus URL passes (0.74825ms)
✔ an image that is not 4:3 fails with its measured size (0.431958ms)
✔ a missing image file fails, and so does a missing photoUrl (0.3495ms)
✔ a photoUrl pointing somewhere other than the corpus bucket fails (0.290708ms)
✔ a dried spice measured in spoons is sent back (0.597709ms)
✔ a packet good measured in cups is sent back (0.496375ms)
✔ a fresh herb measured in grams is sent back, a dried one is not (0.942417ms)
✔ a quantity nobody can buy is not pack form (0.747708ms)
✔ kilograms and litres under one belong in grams and millilitres (0.586709ms)
✔ a handful is not a unit (0.512125ms)
✔ two judges of different families, both passing, is a pass (0.114834ms)
✔ either judge failing sends the Recipe back, with its reasons (0.05225ms)
✔ one judge, or two of one family, is not this layer (0.269709ms)
✔ a judge from the author’s own family is refused (0.045917ms)
✔ a judge that cannot answer is not a pass (0.064625ms)
✔ the shipped judges are two families, neither the author’s (0.039417ms)
✔ a culinary failure is a rewrite instruction, and the Recipe re-gates (1.700042ms)
✔ a structural failure re-gates too, and is never judged (1.371833ms)
✔ a Recipe that will not come good throws by name rather than vanishing (1.292416ms)
✔ a record is a directory with a recipe.json, and a typo is not a smaller run (0.805458ms)
✔ the sample is a tenth of the batch (1.212333ms)
✔ every cuisine bucket is sampled, however small (0.674ms)
✔ a Recipe with no cuisine is its own stratum, not a hole in another (0.689042ms)
✔ the sample is spread across the stratum, and the same batch samples the same (0.125ms)
✔ a stratum whose sample all passes is done (0.214208ms)
✔ one failure reviews the rest of that stratum, and only that stratum (0.16725ms)
✔ two failures re-gate the whole stratum, the reviewed Recipes included (0.080833ms)
✔ a sampled Recipe nobody reviewed is not a pass (0.238417ms)
✔ a verdict about a Recipe nobody sampled is a typo, not a verdict (0.133917ms)
✔ the escalated round’s verdicts are verdicts — the stratum was opened by its failure (0.138292ms)
✔ a second failure found in the escalated round re-gates the stratum (0.086667ms)
✔ a whole stratum read out with one failure has nothing left to read, and still fails (0.092584ms)
✔ a stratum that never escalated does not accept verdicts from another one (0.123083ms)
✔ the frozen slug comes from the placeId, never from the title (0.770125ms)
✔ the master is centre-cropped to the output aspect, losing only width (0.599917ms)
✔ a master taller than the output aspect is cropped vertically instead (0.053125ms)
✔ cwebp crops before it resizes, and encodes to the file-size budget (0.096959ms)
✔ one submission carries a request per Recipe, keyed by frozen slug (0.186667ms)
✔ a submission can be narrowed to named slugs, so a reject batch is a batch (0.116958ms)
✔ the prompt is stable per Recipe but varies its look across the corpus (0.105041ms)
✔ the record references its image by URL — no bytes, no repository path (0.059875ms)
✔ measured cost comes from the usage, and the sync endpoint costs double (0.064708ms)
✔ a partly-failed batch reports against what was submitted, not what came back (0.885208ms)
✔ batch output is parsed line by line as it streams (4.454167ms)
✔ robotsAllows: no rules, empty disallow and unrelated groups all permit (0.920084ms)
✔ robotsAllows: a blanket disallow, our own token and any AI-agent token all bind (0.143167ms)
✔ robotsAllows: longest match wins and $ anchors the end (0.134708ms)
✔ publisher: the registrable domain, so www and subdomains are one publisher (0.067916ms)
✔ htmlToText: strips scripts and tags, keeps the words the overlap check needs (0.274875ms)
✔ a dish name yields a Fact Record over three independent publishers (1.671208ms)
✔ a robots.txt disallow skips the domain and the skip is recorded (0.238042ms)
✔ an unreachable robots.txt is a skip, not a licence to fetch (0.179292ms)
✔ a robots.txt that redirects or is refused is a skip, not a licence to fetch (0.271833ms)
✔ a URL that will not parse is a skip, not the end of the dish (0.219583ms)
✔ a redirect is cleared through the destination's own robots.txt (0.172084ms)
✔ a redirect counts as its destination publisher, once that robots.txt allows (0.094292ms)
✔ a UK or EU publisher is skipped unread — the database right Australia lacks (0.092875ms)
✔ a domain that throws is a skip, not the end of the dish (0.166792ms)
✔ fewer than three independent publishers emits no Fact Record (0.192458ms)
✔ a domain skipped for robots cannot be made up by a second page of another site (0.085208ms)
✔ sources come only from dish-name search — no index, category or sitemap walking (0.109708ms)
✔ raw source text stays in memory — the Fact Record carries URLs, not pages (0.099709ms)
✔ the probe is sent every ingredient — the store decides which are Staples (1.318833ms)
✔ a Recipe passes when every non-Staple line is Priced or Estimated (0.154292ms)
✔ one out-of-tally line fails the whole Recipe — the gate is per Recipe (1.433125ms)
✔ nothing ranged at the store is a fact about the store, not a defect (0.090208ms)
✔ ranged but priceless, and ranged but out of stock, are the store as well (0.072625ms)
✔ the store/defect split reads the store, never the ladder’s prose (0.049083ms)
✔ a pack Woolworths writes unreadably, or prices by nothing, is the store’s (0.061417ms)
✔ a line Spoonacular refused is unmeasured — our quota, not their Recipe (0.054958ms)
✔ a line that priced anyway is measured, whatever Spoonacular did (0.058375ms)
✔ a search the Retailer refused is unmeasured, and never graded as a defect (0.117334ms)
✔ a measurement from any other store is refused outright (0.294459ms)
✔ a measurement that names no store is refused the same way (0.078417ms)
✔ the gate reports every Recipe, and fails only the ones that failed (0.113209ms)
✔ a measurement that skipped a Recipe is not that Recipe passing (0.096292ms)
✔ one Recipe measured at another store is refused, however the run ended (0.0715ms)
✔ the railway probe runs the measurement in production and reads a line per Recipe (0.281417ms)
✔ the container finds the script from the backend directory it starts in (346.505959ms)
✔ a run that died mid-line keeps every Recipe it finished printing (0.230458ms)
✔ a run that died keeps the Recipes it had already measured (0.1205ms)
✔ a run that died before measuring anything is the error it died of (0.084417ms)
✔ the railway probe says so when the container answered with no verdict (0.0545ms)
✔ a live Session is live traffic, and the scan stops at the first one (0.073667ms)
✔ an empty keyspace is a quiet production (0.033916ms)
✔ associations require real identity inputs and carry only the supported routes (1.951958ms)
✔ release configuration refuses development services and privileged keys before bundling (0.924458ms)
✔ production verification reads the copied bundle and records only public settings (1.766667ms)
✔ a direct Release verification after development or staging preparation is rejected (2.277459ms)
✔ preparation and Release verification agree across process locales (239.413666ms)
✔ stale, missing and additional copied bytes cannot pass a production receipt (5.308125ms)
✔ Release rejects changed intended settings, missing receipts and invalid public configuration (1.464334ms)
✔ Release rejects changed or remote Capacitor configuration (1.406458ms)
✔ a native build using a symlinked checkout cannot silently skip the verifier CLI (121.533166ms)
✔ routes both branded hosts to the fixed frontend without losing join URLs or cache headers (22.935459ms)
ℹ tests 154
ℹ suites 0
ℹ pass 154
ℹ fail 0
ℹ cancelled 0
ℹ skipped 0
ℹ todo 0
ℹ duration_ms 595.09125
