
 RUN  v4.1.11 <repo>/frontend

 ✓ tests/unit/liveSwipeRoom.test.tsx > liveReveal > adds exactly one for likedByMe 1ms
 ✓ tests/unit/liveSwipeRoom.test.tsx > liveReveal > does not count a selector name no longer in participantNames 0ms
 ✓ tests/unit/liveSwipeRoom.test.tsx > liveReveal > clamps the count to participantNames.length 0ms
 ✓ tests/unit/liveSwipeRoom.test.tsx > liveReveal > never reports fullHouse for a solo Session even at count === participantNames.length 0ms
 ✓ tests/unit/liveSwipeRoom.test.tsx > Live Swipe Room reveal strip > never reveals for the Restaurant at the cursor or one ahead of it (anti-conformity gate) 30ms
 ✓ tests/unit/liveSwipeRoom.test.tsx > Live Swipe Room reveal strip > reveals a buffered Live Selection once you swipe past it (pace-sync buffer) 44ms
 ✓ tests/unit/liveSwipeRoom.test.tsx > Live Swipe Room reveal strip > clears the reveal on Undo and does not re-reveal when the Restaurant is re-decided 27ms
 ✓ tests/unit/liveSwipeRoom.test.tsx > Live Swipe Room reveal strip > does not double-count the same displayName recorded twice for one placeId (rejoin) 9ms
 ✓ tests/unit/liveSwipeRoom.test.tsx > Live Swipe Room reveal strip > shrinks the denominator with the departing Participant instead of over-counting 17ms
 ✓ tests/unit/liveSwipeRoom.test.tsx > Live Swipe Room reveal strip > announces only the highest-index placeId when two unlock in a single effect run 19ms
 ✓ tests/unit/liveSwipeRoom.test.tsx > Live Swipe Room reveal strip > re-reveals a card at a higher count when another Live Selection for it arrives (staggered likes) 14ms
 ✓ tests/unit/liveSwipeRoom.test.tsx > Deck invite affordance > copies the minted Invite Link from the deck header without leaving the deck 10ms
 ✓ tests/unit/liveSwipeRoom.test.tsx > Full House takeover > renders the overlay with the copy, dialog semantics and focus on Finish here 17ms
 ✓ tests/unit/liveSwipeRoom.test.tsx > Full House takeover > makes the deck inert: action buttons disabled and the deck container aria-hidden 18ms
 ✓ tests/unit/liveSwipeRoom.test.tsx > Full House takeover > Keep swiping dismisses and no second overlay fires for the rest of the deck 27ms
 ✓ tests/unit/liveSwipeRoom.test.tsx > Full House takeover > Escape dismisses exactly as Keep swiping does 19ms
 ✓ tests/unit/liveSwipeRoom.test.tsx > Full House takeover > Finish here submits the current selections once and lands on All done! 29ms
 ✓ tests/unit/liveSwipeRoom.test.tsx > Full House takeover > keeps the overlay up on an ack failure and re-enables the primary, sending only once 28ms
 ✓ tests/unit/liveSwipeRoom.test.tsx > Full House takeover > clears a failed submit error when the takeover is dismissed, so it never leaks to the end-of-deck screen 38ms
 ✓ tests/unit/liveSwipeRoom.test.tsx > Full House takeover > never raises the overlay for a solo Session across the whole deck 22ms
 ✓ tests/unit/liveSwipeRoom.test.tsx > Full House takeover > re-arms after the Participant list grows and fires for a new unanimity across the larger group 26ms
 ✓ tests/unit/liveSwipeRoom.test.tsx > Full House takeover > never re-fires for the same Deck Entry even when the larger group is unanimous on it 21ms
 ✓ tests/unit/liveSwipeRoom.test.tsx > Full House takeover > fires the takeover when the completing Live Selection lands after an earlier partial reveal (staggered) 15ms
 ✓ tests/unit/liveSwipeRoom.test.tsx > Full House takeover > fires on a joiner's phone for an entry the replayed Live Selections already hold 10ms
 ✓ tests/unit/liveSwipeRoom.test.tsx > Full House takeover > stays down when a join replays Live Selections this phone already holds 28ms
 × tests/unit/liveSwipeRoom.test.tsx > Full House takeover > never re-fires for the same Deck Entry after the Deck remounts under a larger roster 26ms
   → expect(element).not.toBeInTheDocument()

expected document not to contain element, found <div
  aria-labelledby="full-house-title"
  aria-modal="true"
  class="fixed inset-0 z-50 flex items-center justify-center bg-ink/90 backdrop-blur-[10px] p-4"
  role="dialog"
>
  <div
    class="card w-full max-w-sm text-center animate-fade-in"
  >
    <div
      aria-hidden="true"
      class="mb-3 flex justify-center gap-1"
    >
      <svg
        aria-hidden="true"
        class="w-8 h-8 text-lime"
        fill="currentColor"
        viewBox="0 0 20 20"
      >
        <path
          d="M3.172 5.172a4 4 0 015.656 0L10 6.343l1.172-1.171a4 4 0 115.656 5.656L10 17.657l-6.828-6.829a4 4 0 010-5.656z"
        />
      </svg>
      <svg
        aria-hidden="true"
        class="w-8 h-8 text-lime"
        fill="currentColor"
        viewBox="0 0 20 20"
      >
        <path
          d="M3.172 5.172a4 4 0 015.656 0L10 6.343l1.172-1.171a4 4 0 115.656 5.656L10 17.657l-6.828-6.829a4 4 0 010-5.656z"
        />
      </svg>
      <svg
        aria-hidden="true"
        class="w-8 h-8 text-lime"
        fill="currentColor"
        viewBox="0 0 20 20"
      >
        <path
          d="M3.172 5.172a4 4 0 015.656 0L10 6.343l1.172-1.171a4 4 0 115.656 5.656L10 17.657l-6.828-6.829a4 4 0 010-5.656z"
        />
      </svg>
    </div>
    <h2
      class="text-2xl font-black text-lime mb-3"
      id="full-house-title"
    >
      EVERYONE LIKED THIS
    </h2>
    <p
      class="text-3xl font-black text-text mb-3 line-clamp-2"
    >
      Ramen Ichiban
    </p>
    <p
      class="text-muted mb-6"
    >
      Lock it in now, or keep going for more.
    </p>
    <button
      class="btn btn-primary w-full min-h-[56px] px-8 py-4 text-xl"
    >
      Finish here
    </button>
    <button
      class="btn btn-ghost w-full min-h-[48px] mt-3"
    >
      Keep swiping
    </button>
  </div>
</div> instead
 ✓ tests/unit/liveSwipeRoom.test.tsx > Resume after submit > shows the waiting screen and no Deck when the roster says I already submitted 5ms
 ✓ tests/unit/liveSwipeRoom.test.tsx > Resume after submit > still deals the Deck when only someone else has submitted 5ms
 ✓ tests/unit/liveSwipeRoom.test.tsx > Resume after submit > deals the Deck again when a Restart flips my roster flag back to false 7ms
 ✓ tests/unit/liveSwipeRoom.test.tsx > Keyboard swipe > maps ArrowRight/ArrowLeft/Backspace to like/pass/undo and ignores keys while typing or inert 24ms
 ✓ tests/unit/liveSwipeRoom.test.tsx > Keyboard swipe > ignores keys while the Leave Session dialog is open, on auto-repeat, and with a modifier held 16ms
 ✓ tests/unit/liveSwipeRoom.test.tsx > waiting screen > names each dot and announces who is still swiping, never yourself 22ms
 ✓ tests/unit/liveSwipeRoom.test.tsx > Undo retracts a Live Selection > emits a retraction for the card the undo un-likes 12ms
 ✓ tests/unit/liveSwipeRoom.test.tsx > Undo retracts a Live Selection > emits nothing when the undone card was passed, not liked 10ms
 ✓ tests/unit/liveSwipeRoom.test.tsx > Undo retracts a Live Selection > clears the strip the moment the like it is announcing is retracted 9ms
 ✓ tests/unit/liveSwipeRoom.test.tsx > Undo retracts a Live Selection > leaves a reveal for a different card alone 12ms
 ✓ tests/unit/liveSwipeRoom.test.tsx > Undo retracts a Live Selection > reveals again after a retraction when another Participant likes that card 16ms
 ✓ tests/unit/liveSwipeRoom.test.tsx > Undo retracts a Live Selection > drops only the retracted name from the buffer 0ms
 ✓ tests/unit/liveSwipeRoom.test.tsx > Selection flash timer (#426) > cancels the extra flash timer on unmount 9ms
 ✓ tests/unit/liveSwipeRoom.test.tsx > Selection flash timer (#426) > a second Pass keeps one timer with the accepted flash timing 10ms
 ✓ tests/unit/liveSwipeRoom.test.tsx > Selection flash timer (#426) > a second Like keeps one timer with the accepted flash timing 11ms

⎯⎯⎯⎯⎯⎯⎯ Failed Tests 1 ⎯⎯⎯⎯⎯⎯⎯

 FAIL  tests/unit/liveSwipeRoom.test.tsx > Full House takeover > never re-fires for the same Deck Entry after the Deck remounts under a larger roster
Error: expect(element).not.toBeInTheDocument()

expected document not to contain element, found <div
  aria-labelledby="full-house-title"
  aria-modal="true"
  class="fixed inset-0 z-50 flex items-center justify-center bg-ink/90 backdrop-blur-[10px] p-4"
  role="dialog"
>
  <div
    class="card w-full max-w-sm text-center animate-fade-in"
  >
    <div
      aria-hidden="true"
      class="mb-3 flex justify-center gap-1"
    >
      <svg
        aria-hidden="true"
        class="w-8 h-8 text-lime"
        fill="currentColor"
        viewBox="0 0 20 20"
      >
        <path
          d="M3.172 5.172a4 4 0 015.656 0L10 6.343l1.172-1.171a4 4 0 115.656 5.656L10 17.657l-6.828-6.829a4 4 0 010-5.656z"
        />
      </svg>
      <svg
        aria-hidden="true"
        class="w-8 h-8 text-lime"
        fill="currentColor"
        viewBox="0 0 20 20"
      >
        <path
          d="M3.172 5.172a4 4 0 015.656 0L10 6.343l1.172-1.171a4 4 0 115.656 5.656L10 17.657l-6.828-6.829a4 4 0 010-5.656z"
        />
      </svg>
      <svg
        aria-hidden="true"
        class="w-8 h-8 text-lime"
        fill="currentColor"
        viewBox="0 0 20 20"
      >
        <path
          d="M3.172 5.172a4 4 0 015.656 0L10 6.343l1.172-1.171a4 4 0 115.656 5.656L10 17.657l-6.828-6.829a4 4 0 010-5.656z"
        />
      </svg>
    </div>
    <h2
      class="text-2xl font-black text-lime mb-3"
      id="full-house-title"
    >
      EVERYONE LIKED THIS
    </h2>
    <p
      class="text-3xl font-black text-text mb-3 line-clamp-2"
    >
      Ramen Ichiban
    </p>
    <p
      class="text-muted mb-6"
    >
      Lock it in now, or keep going for more.
    </p>
    <button
      class="btn btn-primary w-full min-h-[56px] px-8 py-4 text-xl"
    >
      Finish here
    </button>
    <button
      class="btn btn-ghost w-full min-h-[48px] mt-3"
    >
      Keep swiping
    </button>
  </div>
</div> instead
 ❯ tests/unit/liveSwipeRoom.test.tsx:546:46
    544|     act(() => useSessionStore.getState().recordLiveSelection('place-1'…
    545|     expect(strip()).toHaveTextContent('3 of 3 liked Ramen Ichiban');
    546|     expect(screen.queryByRole('dialog')).not.toBeInTheDocument();
       |                                              ^
    547|   });
    548| });

⎯⎯⎯⎯⎯⎯⎯⎯⎯⎯⎯⎯⎯⎯⎯⎯⎯⎯⎯⎯⎯⎯⎯⎯[1/1]⎯


 Test Files  1 failed (1)
      Tests  1 failed | 40 passed (41)
   Start at  14:40:12
   Duration  1.14s (transform 132ms, setup 79ms, import 153ms, tests 663ms, environment 153ms)

